// Jest Snapshot v1, https://goo.gl/fbAQLP

exports[`Shows calendar 1`] = `
<div
  className="calendar__container"
>
  <div
    className="calendar__date"
  >
    <button
      className="ui tiny basic circular icon button"
      onClick={[Function]}
      role="button"
    >
      <i
        aria-hidden="true"
        className="chevron left icon"
      />
    </button>
    <h3
      className="calendar__date__header"
    >
      <i
        aria-hidden="true"
        className="calendar alternate outline icon"
      />
      Mon Nov 05 2018
    </h3>
    <button
      className="ui tiny basic circular icon button"
      onClick={[Function]}
      role="button"
    >
      <i
        aria-hidden="true"
        className="chevron right icon"
      />
    </button>
  </div>
  <div
    className="calendar__wrapper"
  >
    <div
      className="calendar__rooms__wrapper"
    >
      <div
        className="calendar__rooms__room"
      >
        room 1
      </div>
      <div
        className="calendar__rooms__room"
      >
        room 2
      </div>
    </div>
    <div
      className="calendar__hours__wrapper"
    >
      <div
        className="calendar__hours__hour"
      >
        08:00
      </div>
      <div
        className="calendar__hours__hour"
      >
        09:00
      </div>
      <div
        className="calendar__hours__hour"
      >
        10:00
      </div>
      <div
        className="calendar__hours__hour"
      >
        11:00
      </div>
      <div
        className="calendar__hours__hour"
      >
        12:00
      </div>
      <div
        className="calendar__hours__hour"
      >
        13:00
      </div>
      <div
        className="calendar__hours__hour"
      >
        14:00
      </div>
      <div
        className="calendar__hours__hour"
      >
        15:00
      </div>
      <div
        className="calendar__hours__hour"
      >
        16:00
      </div>
      <div
        className="calendar__hours__hour"
      >
        17:00
      </div>
      <div
        className="calendar__hours__hour"
      >
        18:00
      </div>
      <div
        className="calendar__hours__hour"
      >
        19:00
      </div>
      <div
        className="calendar__hours__hour"
      >
        20:00
      </div>
      <div
        className="calendar__hours__hour"
      >
        21:00
      </div>
      <div
        className="calendar__hours__hour"
      >
        22:00
      </div>
      <div
        className="calendar__hours__hour"
      >
        23:00
      </div>
    </div>
    <div
      className="calendar__cells__wrapper"
    >
      <div
        className="calendar__rooms__cells"
      >
        <div
          className="calendar__cells__cell"
          onClick={[Function]}
          style={
            Object {
              "gridRowEnd": 7,
              "gridRowStart": 1,
            }
          }
        />
        <div
          className="calendar__cells__cell"
          onClick={[Function]}
          style={
            Object {
              "gridRowEnd": 13,
              "gridRowStart": 7,
            }
          }
        />
        <div
          className="calendar__cells__cell"
          onClick={[Function]}
          style={
            Object {
              "gridRowEnd": 19,
              "gridRowStart": 13,
            }
          }
        />
        <div
          className="calendar__cells__cell"
          onClick={[Function]}
          style={
            Object {
              "gridRowEnd": 25,
              "gridRowStart": 19,
            }
          }
        />
        <div
          className="calendar__cells__cell"
          onClick={[Function]}
          style={
            Object {
              "gridRowEnd": 31,
              "gridRowStart": 25,
            }
          }
        />
        <div
          className="calendar__cells__cell"
          onClick={[Function]}
          style={
            Object {
              "gridRowEnd": 37,
              "gridRowStart": 31,
            }
          }
        />
        <div
          className="calendar__cells__cell"
          onClick={[Function]}
          style={
            Object {
              "gridRowEnd": 43,
              "gridRowStart": 37,
            }
          }
        />
        <div
          className="calendar__cells__cell"
          onClick={[Function]}
          style={
            Object {
              "gridRowEnd": 49,
              "gridRowStart": 43,
            }
          }
        />
        <div
          className="calendar__cells__cell"
          onClick={[Function]}
          style={
            Object {
              "gridRowEnd": 55,
              "gridRowStart": 49,
            }
          }
        />
        <div
          className="calendar__cells__cell"
          onClick={[Function]}
          style={
            Object {
              "gridRowEnd": 61,
              "gridRowStart": 55,
            }
          }
        />
        <div
          className="calendar__cells__cell"
          onClick={[Function]}
          style={
            Object {
              "gridRowEnd": 67,
              "gridRowStart": 61,
            }
          }
        />
        <div
          className="calendar__cells__cell"
          onClick={[Function]}
          style={
            Object {
              "gridRowEnd": 73,
              "gridRowStart": 67,
            }
          }
        />
        <div
          className="calendar__cells__cell"
          onClick={[Function]}
          style={
            Object {
              "gridRowEnd": 79,
              "gridRowStart": 73,
            }
          }
        />
        <div
          className="calendar__cells__cell"
          onClick={[Function]}
          style={
            Object {
              "gridRowEnd": 85,
              "gridRowStart": 79,
            }
          }
        />
        <div
          className="calendar__cells__cell"
          onClick={[Function]}
          style={
            Object {
              "gridRowEnd": 91,
              "gridRowStart": 85,
            }
          }
        />
        <div
          className="calendar__cells__cell"
          onClick={[Function]}
          style={
            Object {
              "gridRowEnd": 97,
              "gridRowStart": 91,
            }
          }
        />
        <div
          className="calendar__booking"
          onClick={[Function]}
          style={
            Object {
              "backgroundColor": "#4285f4",
              "gridColumn": 1,
              "gridRowEnd": 12,
              "gridRowStart": 2,
            }
          }
        >
          08:10
           - 
          09:50
          <br />
          <span>
            12345567
          </span>
          
        </div>
      </div>
      <div
        className="calendar__rooms__cells"
      >
        <div
          className="calendar__cells__cell"
          onClick={[Function]}
          style={
            Object {
              "gridRowEnd": 7,
              "gridRowStart": 1,
            }
          }
        />
        <div
          className="calendar__cells__cell"
          onClick={[Function]}
          style={
            Object {
              "gridRowEnd": 13,
              "gridRowStart": 7,
            }
          }
        />
        <div
          className="calendar__cells__cell"
          onClick={[Function]}
          style={
            Object {
              "gridRowEnd": 19,
              "gridRowStart": 13,
            }
          }
        />
        <div
          className="calendar__cells__cell"
          onClick={[Function]}
          style={
            Object {
              "gridRowEnd": 25,
              "gridRowStart": 19,
            }
          }
        />
        <div
          className="calendar__cells__cell"
          onClick={[Function]}
          style={
            Object {
              "gridRowEnd": 31,
              "gridRowStart": 25,
            }
          }
        />
        <div
          className="calendar__cells__cell"
          onClick={[Function]}
          style={
            Object {
              "gridRowEnd": 37,
              "gridRowStart": 31,
            }
          }
        />
        <div
          className="calendar__cells__cell"
          onClick={[Function]}
          style={
            Object {
              "gridRowEnd": 43,
              "gridRowStart": 37,
            }
          }
        />
        <div
          className="calendar__cells__cell"
          onClick={[Function]}
          style={
            Object {
              "gridRowEnd": 49,
              "gridRowStart": 43,
            }
          }
        />
        <div
          className="calendar__cells__cell"
          onClick={[Function]}
          style={
            Object {
              "gridRowEnd": 55,
              "gridRowStart": 49,
            }
          }
        />
        <div
          className="calendar__cells__cell"
          onClick={[Function]}
          style={
            Object {
              "gridRowEnd": 61,
              "gridRowStart": 55,
            }
          }
        />
        <div
          className="calendar__cells__cell"
          onClick={[Function]}
          style={
            Object {
              "gridRowEnd": 67,
              "gridRowStart": 61,
            }
          }
        />
        <div
          className="calendar__cells__cell"
          onClick={[Function]}
          style={
            Object {
              "gridRowEnd": 73,
              "gridRowStart": 67,
            }
          }
        />
        <div
          className="calendar__cells__cell"
          onClick={[Function]}
          style={
            Object {
              "gridRowEnd": 79,
              "gridRowStart": 73,
            }
          }
        />
        <div
          className="calendar__cells__cell"
          onClick={[Function]}
          style={
            Object {
              "gridRowEnd": 85,
              "gridRowStart": 79,
            }
          }
        />
        <div
          className="calendar__cells__cell"
          onClick={[Function]}
          style={
            Object {
              "gridRowEnd": 91,
              "gridRowStart": 85,
            }
          }
        />
        <div
          className="calendar__cells__cell"
          onClick={[Function]}
          style={
            Object {
              "gridRowEnd": 97,
              "gridRowStart": 91,
            }
          }
        />
      </div>
    </div>
  </div>
  <div
    id="reservation-details-modal"
  />
  <div
    id="reservation-details-modal"
  />
</div>
`;
